Archive member included because of file (symbol)

c:/users/dell/desktop/iti/embedded system track/es avr tools/01- imt sdk/imt_sdk_win_64/winavr/bin/../lib/gcc/avr/4.3.3/avr5\libgcc.a(_mulsi3.o)
                              ./A.Bahaa COTS/APP/main.o (__mulsi3)
c:/users/dell/desktop/iti/embedded system track/es avr tools/01- imt sdk/imt_sdk_win_64/winavr/bin/../lib/gcc/avr/4.3.3/avr5\libgcc.a(_udivmodsi4.o)
                              ./A.Bahaa COTS/HAL/LCD/LCD_Program.o (__udivmodsi4)
c:/users/dell/desktop/iti/embedded system track/es avr tools/01- imt sdk/imt_sdk_win_64/winavr/bin/../lib/gcc/avr/4.3.3/avr5\libgcc.a(_exit.o)
                              c:/users/dell/desktop/iti/embedded system track/es avr tools/01- imt sdk/imt_sdk_win_64/winavr/bin/../lib/gcc/avr/4.3.3/../../../../avr/lib/avr5/crtm32.o (exit)
c:/users/dell/desktop/iti/embedded system track/es avr tools/01- imt sdk/imt_sdk_win_64/winavr/bin/../lib/gcc/avr/4.3.3/avr5\libgcc.a(_copy_data.o)
                              ./A.Bahaa COTS/HAL/KPAD/KPAD_Program.o (__do_copy_data)
c:/users/dell/desktop/iti/embedded system track/es avr tools/01- imt sdk/imt_sdk_win_64/winavr/bin/../lib/gcc/avr/4.3.3/avr5\libgcc.a(_fixunssfsi.o)
                              ./A.Bahaa COTS/HAL/LCD/LCD_Program.o (__fixunssfsi)
c:/users/dell/desktop/iti/embedded system track/es avr tools/01- imt sdk/imt_sdk_win_64/winavr/bin/../lib/gcc/avr/4.3.3/avr5\libgcc.a(_addsub_sf.o)
                              c:/users/dell/desktop/iti/embedded system track/es avr tools/01- imt sdk/imt_sdk_win_64/winavr/bin/../lib/gcc/avr/4.3.3/avr5\libgcc.a(_fixunssfsi.o) (__subsf3)
c:/users/dell/desktop/iti/embedded system track/es avr tools/01- imt sdk/imt_sdk_win_64/winavr/bin/../lib/gcc/avr/4.3.3/avr5\libgcc.a(_mul_sf.o)
                              ./A.Bahaa COTS/HAL/LCD/LCD_Program.o (__mulsf3)
c:/users/dell/desktop/iti/embedded system track/es avr tools/01- imt sdk/imt_sdk_win_64/winavr/bin/../lib/gcc/avr/4.3.3/avr5\libgcc.a(_gt_sf.o)
                              ./A.Bahaa COTS/HAL/LCD/LCD_Program.o (__gtsf2)
c:/users/dell/desktop/iti/embedded system track/es avr tools/01- imt sdk/imt_sdk_win_64/winavr/bin/../lib/gcc/avr/4.3.3/avr5\libgcc.a(_ge_sf.o)
                              c:/users/dell/desktop/iti/embedded system track/es avr tools/01- imt sdk/imt_sdk_win_64/winavr/bin/../lib/gcc/avr/4.3.3/avr5\libgcc.a(_fixunssfsi.o) (__gesf2)
c:/users/dell/desktop/iti/embedded system track/es avr tools/01- imt sdk/imt_sdk_win_64/winavr/bin/../lib/gcc/avr/4.3.3/avr5\libgcc.a(_lt_sf.o)
                              ./A.Bahaa COTS/HAL/LCD/LCD_Program.o (__ltsf2)
c:/users/dell/desktop/iti/embedded system track/es avr tools/01- imt sdk/imt_sdk_win_64/winavr/bin/../lib/gcc/avr/4.3.3/avr5\libgcc.a(_sf_to_si.o)
                              c:/users/dell/desktop/iti/embedded system track/es avr tools/01- imt sdk/imt_sdk_win_64/winavr/bin/../lib/gcc/avr/4.3.3/avr5\libgcc.a(_fixunssfsi.o) (__fixsfsi)
c:/users/dell/desktop/iti/embedded system track/es avr tools/01- imt sdk/imt_sdk_win_64/winavr/bin/../lib/gcc/avr/4.3.3/avr5\libgcc.a(_thenan_sf.o)
                              c:/users/dell/desktop/iti/embedded system track/es avr tools/01- imt sdk/imt_sdk_win_64/winavr/bin/../lib/gcc/avr/4.3.3/avr5\libgcc.a(_addsub_sf.o) (__thenan_sf)
c:/users/dell/desktop/iti/embedded system track/es avr tools/01- imt sdk/imt_sdk_win_64/winavr/bin/../lib/gcc/avr/4.3.3/avr5\libgcc.a(_prologue.o)
                              c:/users/dell/desktop/iti/embedded system track/es avr tools/01- imt sdk/imt_sdk_win_64/winavr/bin/../lib/gcc/avr/4.3.3/avr5\libgcc.a(_addsub_sf.o) (__prologue_saves__)
c:/users/dell/desktop/iti/embedded system track/es avr tools/01- imt sdk/imt_sdk_win_64/winavr/bin/../lib/gcc/avr/4.3.3/avr5\libgcc.a(_epilogue.o)
                              c:/users/dell/desktop/iti/embedded system track/es avr tools/01- imt sdk/imt_sdk_win_64/winavr/bin/../lib/gcc/avr/4.3.3/avr5\libgcc.a(_addsub_sf.o) (__epilogue_restores__)
c:/users/dell/desktop/iti/embedded system track/es avr tools/01- imt sdk/imt_sdk_win_64/winavr/bin/../lib/gcc/avr/4.3.3/avr5\libgcc.a(_pack_sf.o)
                              c:/users/dell/desktop/iti/embedded system track/es avr tools/01- imt sdk/imt_sdk_win_64/winavr/bin/../lib/gcc/avr/4.3.3/avr5\libgcc.a(_addsub_sf.o) (__pack_f)
c:/users/dell/desktop/iti/embedded system track/es avr tools/01- imt sdk/imt_sdk_win_64/winavr/bin/../lib/gcc/avr/4.3.3/avr5\libgcc.a(_unpack_sf.o)
                              c:/users/dell/desktop/iti/embedded system track/es avr tools/01- imt sdk/imt_sdk_win_64/winavr/bin/../lib/gcc/avr/4.3.3/avr5\libgcc.a(_addsub_sf.o) (__unpack_f)
c:/users/dell/desktop/iti/embedded system track/es avr tools/01- imt sdk/imt_sdk_win_64/winavr/bin/../lib/gcc/avr/4.3.3/avr5\libgcc.a(_fpcmp_parts_sf.o)
                              c:/users/dell/desktop/iti/embedded system track/es avr tools/01- imt sdk/imt_sdk_win_64/winavr/bin/../lib/gcc/avr/4.3.3/avr5\libgcc.a(_gt_sf.o) (__fpcmp_parts_f)

Memory Configuration

Name             Origin             Length             Attributes
text             0x00000000         0x00020000         xr
data             0x00800060         0x0000ffa0         rw !x
eeprom           0x00810000         0x00010000         rw !x
fuse             0x00820000         0x00000400         rw !x
lock             0x00830000         0x00000400         rw !x
signature        0x00840000         0x00000400         rw !x
*default*        0x00000000         0xffffffff

Linker script and memory map

LOAD c:/users/dell/desktop/iti/embedded system track/es avr tools/01- imt sdk/imt_sdk_win_64/winavr/bin/../lib/gcc/avr/4.3.3/../../../../avr/lib/avr5/crtm32.o
LOAD ./A.Bahaa COTS/MCAL/DIO/DIO_Program.o
LOAD ./A.Bahaa COTS/HAL/LED/LED_Program.o
LOAD ./A.Bahaa COTS/HAL/LCD/LCD_Program.o
LOAD ./A.Bahaa COTS/HAL/KPAD/KPAD_Program.o
LOAD ./A.Bahaa COTS/HAL/Button/BUTTON_Program.o
LOAD ./A.Bahaa COTS/HAL/7-Segment/7_SEGMENT_Program.o
LOAD ./A.Bahaa COTS/APP/main.o
LOAD c:/users/dell/desktop/iti/embedded system track/es avr tools/01- imt sdk/imt_sdk_win_64/winavr/bin/../lib/gcc/avr/4.3.3/avr5\libgcc.a
LOAD c:/users/dell/desktop/iti/embedded system track/es avr tools/01- imt sdk/imt_sdk_win_64/winavr/bin/../lib/gcc/avr/4.3.3/../../../../avr/lib/avr5\libc.a
LOAD c:/users/dell/desktop/iti/embedded system track/es avr tools/01- imt sdk/imt_sdk_win_64/winavr/bin/../lib/gcc/avr/4.3.3/avr5\libgcc.a

.hash
 *(.hash)

.dynsym
 *(.dynsym)

.dynstr
 *(.dynstr)

.gnu.version
 *(.gnu.version)

.gnu.version_d
 *(.gnu.version_d)

.gnu.version_r
 *(.gnu.version_r)

.rel.init
 *(.rel.init)

.rela.init
 *(.rela.init)

.rel.text
 *(.rel.text)
 *(.rel.text.*)
 *(.rel.gnu.linkonce.t*)

.rela.text
 *(.rela.text)
 *(.rela.text.*)
 *(.rela.gnu.linkonce.t*)

.rel.fini
 *(.rel.fini)

.rela.fini
 *(.rela.fini)

.rel.rodata
 *(.rel.rodata)
 *(.rel.rodata.*)
 *(.rel.gnu.linkonce.r*)

.rela.rodata
 *(.rela.rodata)
 *(.rela.rodata.*)
 *(.rela.gnu.linkonce.r*)

.rel.data
 *(.rel.data)
 *(.rel.data.*)
 *(.rel.gnu.linkonce.d*)

.rela.data
 *(.rela.data)
 *(.rela.data.*)
 *(.rela.gnu.linkonce.d*)

.rel.ctors
 *(.rel.ctors)

.rela.ctors
 *(.rela.ctors)

.rel.dtors
 *(.rel.dtors)

.rela.dtors
 *(.rela.dtors)

.rel.got
 *(.rel.got)

.rela.got
 *(.rela.got)

.rel.bss
 *(.rel.bss)

.rela.bss
 *(.rela.bss)

.rel.plt
 *(.rel.plt)

.rela.plt
 *(.rela.plt)

.text           0x00000000     0x28ee
 *(.vectors)
 .vectors       0x00000000       0x54 c:/users/dell/desktop/iti/embedded system track/es avr tools/01- imt sdk/imt_sdk_win_64/winavr/bin/../lib/gcc/avr/4.3.3/../../../../avr/lib/avr5/crtm32.o
                0x00000000                __vectors
                0x00000000                __vector_default
 *(.vectors)
 *(.progmem.gcc*)
 *(.progmem*)
                0x00000054                . = ALIGN (0x2)
                0x00000054                __trampolines_start = .
 *(.trampolines)
 .trampolines   0x00000054        0x0 linker stubs
 *(.trampolines*)
                0x00000054                __trampolines_end = .
 *(.jumptables)
 *(.jumptables*)
 *(.lowtext)
 *(.lowtext*)
                0x00000054                __ctors_start = .
 *(.ctors)
                0x00000054                __ctors_end = .
                0x00000054                __dtors_start = .
 *(.dtors)
                0x00000054                __dtors_end = .
 SORT(*)(.ctors)
 SORT(*)(.dtors)
 *(.init0)
 .init0         0x00000054        0x0 c:/users/dell/desktop/iti/embedded system track/es avr tools/01- imt sdk/imt_sdk_win_64/winavr/bin/../lib/gcc/avr/4.3.3/../../../../avr/lib/avr5/crtm32.o
                0x00000054                __init
 *(.init0)
 *(.init1)
 *(.init1)
 *(.init2)
 .init2         0x00000054        0xc c:/users/dell/desktop/iti/embedded system track/es avr tools/01- imt sdk/imt_sdk_win_64/winavr/bin/../lib/gcc/avr/4.3.3/../../../../avr/lib/avr5/crtm32.o
 *(.init2)
 *(.init3)
 *(.init3)
 *(.init4)
 .init4         0x00000060       0x16 c:/users/dell/desktop/iti/embedded system track/es avr tools/01- imt sdk/imt_sdk_win_64/winavr/bin/../lib/gcc/avr/4.3.3/avr5\libgcc.a(_copy_data.o)
                0x00000060                __do_copy_data
 *(.init4)
 *(.init5)
 *(.init5)
 *(.init6)
 *(.init6)
 *(.init7)
 *(.init7)
 *(.init8)
 *(.init8)
 *(.init9)
 .init9         0x00000076        0x8 c:/users/dell/desktop/iti/embedded system track/es avr tools/01- imt sdk/imt_sdk_win_64/winavr/bin/../lib/gcc/avr/4.3.3/../../../../avr/lib/avr5/crtm32.o
 *(.init9)
 *(.text)
 .text          0x0000007e        0x4 c:/users/dell/desktop/iti/embedded system track/es avr tools/01- imt sdk/imt_sdk_win_64/winavr/bin/../lib/gcc/avr/4.3.3/../../../../avr/lib/avr5/crtm32.o
                0x0000007e                __vector_1
                0x0000007e                __vector_12
                0x0000007e                __bad_interrupt
                0x0000007e                __vector_6
                0x0000007e                __vector_3
                0x0000007e                __vector_11
                0x0000007e                __vector_13
                0x0000007e                __vector_17
                0x0000007e                __vector_19
                0x0000007e                __vector_7
                0x0000007e                __vector_5
                0x0000007e                __vector_4
                0x0000007e                __vector_9
                0x0000007e                __vector_2
                0x0000007e                __vector_15
                0x0000007e                __vector_8
                0x0000007e                __vector_14
                0x0000007e                __vector_10
                0x0000007e                __vector_16
                0x0000007e                __vector_18
                0x0000007e                __vector_20
 .text          0x00000082        0x0 ./A.Bahaa COTS/MCAL/DIO/DIO_Program.o
 .text          0x00000082        0x0 ./A.Bahaa COTS/HAL/LED/LED_Program.o
 .text          0x00000082        0x0 ./A.Bahaa COTS/HAL/LCD/LCD_Program.o
 .text          0x00000082        0x0 ./A.Bahaa COTS/HAL/KPAD/KPAD_Program.o
 .text          0x00000082        0x0 ./A.Bahaa COTS/HAL/Button/BUTTON_Program.o
 .text          0x00000082        0x0 ./A.Bahaa COTS/HAL/7-Segment/7_SEGMENT_Program.o
 .text          0x00000082        0x0 ./A.Bahaa COTS/APP/main.o
 .text          0x00000082        0x0 c:/users/dell/desktop/iti/embedded system track/es avr tools/01- imt sdk/imt_sdk_win_64/winavr/bin/../lib/gcc/avr/4.3.3/avr5\libgcc.a(_mulsi3.o)
 .text          0x00000082        0x0 c:/users/dell/desktop/iti/embedded system track/es avr tools/01- imt sdk/imt_sdk_win_64/winavr/bin/../lib/gcc/avr/4.3.3/avr5\libgcc.a(_udivmodsi4.o)
 .text          0x00000082        0x0 c:/users/dell/desktop/iti/embedded system track/es avr tools/01- imt sdk/imt_sdk_win_64/winavr/bin/../lib/gcc/avr/4.3.3/avr5\libgcc.a(_exit.o)
 .text          0x00000082        0x0 c:/users/dell/desktop/iti/embedded system track/es avr tools/01- imt sdk/imt_sdk_win_64/winavr/bin/../lib/gcc/avr/4.3.3/avr5\libgcc.a(_copy_data.o)
 .text          0x00000082       0x58 c:/users/dell/desktop/iti/embedded system track/es avr tools/01- imt sdk/imt_sdk_win_64/winavr/bin/../lib/gcc/avr/4.3.3/avr5\libgcc.a(_fixunssfsi.o)
                0x00000082                __fixunssfsi
 .text          0x000000da      0x354 c:/users/dell/desktop/iti/embedded system track/es avr tools/01- imt sdk/imt_sdk_win_64/winavr/bin/../lib/gcc/avr/4.3.3/avr5\libgcc.a(_addsub_sf.o)
                0x00000372                __subsf3
                0x000003d4                __addsf3
 .text          0x0000042e      0x1f4 c:/users/dell/desktop/iti/embedded system track/es avr tools/01- imt sdk/imt_sdk_win_64/winavr/bin/../lib/gcc/avr/4.3.3/avr5\libgcc.a(_mul_sf.o)
                0x0000042e                __mulsf3
 .text          0x00000622       0x60 c:/users/dell/desktop/iti/embedded system track/es avr tools/01- imt sdk/imt_sdk_win_64/winavr/bin/../lib/gcc/avr/4.3.3/avr5\libgcc.a(_gt_sf.o)
                0x00000622                __gtsf2
 .text          0x00000682       0x60 c:/users/dell/desktop/iti/embedded system track/es avr tools/01- imt sdk/imt_sdk_win_64/winavr/bin/../lib/gcc/avr/4.3.3/avr5\libgcc.a(_ge_sf.o)
                0x00000682                __gesf2
 .text          0x000006e2       0x60 c:/users/dell/desktop/iti/embedded system track/es avr tools/01- imt sdk/imt_sdk_win_64/winavr/bin/../lib/gcc/avr/4.3.3/avr5\libgcc.a(_lt_sf.o)
                0x000006e2                __ltsf2
 .text          0x00000742       0xa8 c:/users/dell/desktop/iti/embedded system track/es avr tools/01- imt sdk/imt_sdk_win_64/winavr/bin/../lib/gcc/avr/4.3.3/avr5\libgcc.a(_sf_to_si.o)
                0x00000742                __fixsfsi
 .text          0x000007ea        0x0 c:/users/dell/desktop/iti/embedded system track/es avr tools/01- imt sdk/imt_sdk_win_64/winavr/bin/../lib/gcc/avr/4.3.3/avr5\libgcc.a(_thenan_sf.o)
 .text          0x000007ea        0x0 c:/users/dell/desktop/iti/embedded system track/es avr tools/01- imt sdk/imt_sdk_win_64/winavr/bin/../lib/gcc/avr/4.3.3/avr5\libgcc.a(_prologue.o)
 .text          0x000007ea        0x0 c:/users/dell/desktop/iti/embedded system track/es avr tools/01- imt sdk/imt_sdk_win_64/winavr/bin/../lib/gcc/avr/4.3.3/avr5\libgcc.a(_epilogue.o)
 .text          0x000007ea      0x1aa c:/users/dell/desktop/iti/embedded system track/es avr tools/01- imt sdk/imt_sdk_win_64/winavr/bin/../lib/gcc/avr/4.3.3/avr5\libgcc.a(_pack_sf.o)
                0x000007ea                __pack_f
 .text          0x00000994       0xf0 c:/users/dell/desktop/iti/embedded system track/es avr tools/01- imt sdk/imt_sdk_win_64/winavr/bin/../lib/gcc/avr/4.3.3/avr5\libgcc.a(_unpack_sf.o)
                0x00000994                __unpack_f
 .text          0x00000a84       0xb2 c:/users/dell/desktop/iti/embedded system track/es avr tools/01- imt sdk/imt_sdk_win_64/winavr/bin/../lib/gcc/avr/4.3.3/avr5\libgcc.a(_fpcmp_parts_sf.o)
                0x00000a84                __fpcmp_parts_f
                0x00000b36                . = ALIGN (0x2)
 *(.text.*)
 .text.DIO_voidSetPinDirection
                0x00000b36      0x220 ./A.Bahaa COTS/MCAL/DIO/DIO_Program.o
                0x00000b36                DIO_voidSetPinDirection
 .text.DIO_voidSetPortDirection
                0x00000d56      0x112 ./A.Bahaa COTS/MCAL/DIO/DIO_Program.o
                0x00000d56                DIO_voidSetPortDirection
 .text.DIO_voidSetPinValue
                0x00000e68      0x220 ./A.Bahaa COTS/MCAL/DIO/DIO_Program.o
                0x00000e68                DIO_voidSetPinValue
 .text.DIO_voidSetPortValue
                0x00001088       0x88 ./A.Bahaa COTS/MCAL/DIO/DIO_Program.o
                0x00001088                DIO_voidSetPortValue
 .text.DIO_u8GetPinValue
                0x00001110      0x100 ./A.Bahaa COTS/MCAL/DIO/DIO_Program.o
                0x00001110                DIO_u8GetPinValue
 .text.DIO_u8GetPortValue
                0x00001210       0x88 ./A.Bahaa COTS/MCAL/DIO/DIO_Program.o
                0x00001210                DIO_u8GetPortValue
 .text.DIO_voidTogglePinValue
                0x00001298      0x10a ./A.Bahaa COTS/MCAL/DIO/DIO_Program.o
                0x00001298                DIO_voidTogglePinValue
 .text.DIO_voidTogglePortValue
                0x000013a2       0x9e ./A.Bahaa COTS/MCAL/DIO/DIO_Program.o
                0x000013a2                DIO_voidTogglePortValue
 .text.DIO_voidConfig_Pull_Up_Pin
                0x00001440       0x62 ./A.Bahaa COTS/MCAL/DIO/DIO_Program.o
                0x00001440                DIO_voidConfig_Pull_Up_Pin
 .text.DIO_voidConfig_Pull_Up_Port
                0x000014a2       0x52 ./A.Bahaa COTS/MCAL/DIO/DIO_Program.o
                0x000014a2                DIO_voidConfig_Pull_Up_Port
 .text.LED_voidInit_Led_Pin
                0x000014f4       0x2e ./A.Bahaa COTS/HAL/LED/LED_Program.o
                0x000014f4                LED_voidInit_Led_Pin
 .text.LED_voidInit_8Leds_Port
                0x00001522       0x22 ./A.Bahaa COTS/HAL/LED/LED_Program.o
                0x00001522                LED_voidInit_8Leds_Port
 .text.LED_voidStatus_Led_Pin
                0x00001544       0x62 ./A.Bahaa COTS/HAL/LED/LED_Program.o
                0x00001544                LED_voidStatus_Led_Pin
 .text.LED_voidStatus_8Leds_Port
                0x000015a6       0x52 ./A.Bahaa COTS/HAL/LED/LED_Program.o
                0x000015a6                LED_voidStatus_8Leds_Port
 .text.LED_voidToggle_Led_Pin
                0x000015f8       0x2c ./A.Bahaa COTS/HAL/LED/LED_Program.o
                0x000015f8                LED_voidToggle_Led_Pin
 .text.LED_voidToggle_8Leds_Port
                0x00001624       0x20 ./A.Bahaa COTS/HAL/LED/LED_Program.o
                0x00001624                LED_voidToggle_8Leds_Port
 .text.LCD_voidInit
                0x00001644      0x50a ./A.Bahaa COTS/HAL/LCD/LCD_Program.o
                0x00001644                LCD_voidInit
 .text.LCD_voidWriteCommand
                0x00001b4e       0x44 ./A.Bahaa COTS/HAL/LCD/LCD_Program.o
                0x00001b4e                LCD_voidWriteCommand
 .text.LCD_voidWriteChar
                0x00001b92       0x44 ./A.Bahaa COTS/HAL/LCD/LCD_Program.o
                0x00001b92                LCD_voidWriteChar
 .text.LCD_voidWriteString
                0x00001bd6       0x52 ./A.Bahaa COTS/HAL/LCD/LCD_Program.o
                0x00001bd6                LCD_voidWriteString
 .text.LCD_voidWrite_u32Number
                0x00001c28       0xde ./A.Bahaa COTS/HAL/LCD/LCD_Program.o
                0x00001c28                LCD_voidWrite_u32Number
 .text.LCD_voidGoTo_XY
                0x00001d06       0x5a ./A.Bahaa COTS/HAL/LCD/LCD_Program.o
                0x00001d06                LCD_voidGoTo_XY
 .text.LCD_voidDrawPattern
                0x00001d60       0x4c ./A.Bahaa COTS/HAL/LCD/LCD_Program.o
                0x00001d60                LCD_voidDrawPattern
 .text.LCD_voidWritePattern
                0x00001dac       0x2c ./A.Bahaa COTS/HAL/LCD/LCD_Program.o
                0x00001dac                LCD_voidWritePattern
 .text.LCD_voidClearDisplay
                0x00001dd8       0x14 ./A.Bahaa COTS/HAL/LCD/LCD_Program.o
                0x00001dd8                LCD_voidClearDisplay
 .text.LCD_voidShiftLeft
                0x00001dec       0x14 ./A.Bahaa COTS/HAL/LCD/LCD_Program.o
                0x00001dec                LCD_voidShiftLeft
 .text.LCD_voidShiftRight
                0x00001e00       0x14 ./A.Bahaa COTS/HAL/LCD/LCD_Program.o
                0x00001e00                LCD_voidShiftRight
 .text.LCD_voidClearGrid
                0x00001e14       0x26 ./A.Bahaa COTS/HAL/LCD/LCD_Program.o
                0x00001e14                LCD_voidClearGrid
 .text.LCD_voidClearLine
                0x00001e3a       0x34 ./A.Bahaa COTS/HAL/LCD/LCD_Program.o
                0x00001e3a                LCD_voidClearLine
 .text.KPAD_voidInit
                0x00001e6e       0xae ./A.Bahaa COTS/HAL/KPAD/KPAD_Program.o
                0x00001e6e                KPAD_voidInit
 .text.KPAD_u8GetPressedKey
                0x00001f1c      0x10c ./A.Bahaa COTS/HAL/KPAD/KPAD_Program.o
                0x00001f1c                KPAD_u8GetPressedKey
 .text.BUTTON_voidInit_Button_Pin
                0x00002028       0x3e ./A.Bahaa COTS/HAL/Button/BUTTON_Program.o
                0x00002028                BUTTON_voidInit_Button_Pin
 .text.BUTTON_voidInit_8Buttons_Port
                0x00002066       0x2e ./A.Bahaa COTS/HAL/Button/BUTTON_Program.o
                0x00002066                BUTTON_voidInit_8Buttons_Port
 .text.BUTTON_u8Get_Button_Pin
                0x00002094       0x36 ./A.Bahaa COTS/HAL/Button/BUTTON_Program.o
                0x00002094                BUTTON_u8Get_Button_Pin
 .text.BUTTON_u8Get_8Buttons_Port
                0x000020ca       0x28 ./A.Bahaa COTS/HAL/Button/BUTTON_Program.o
                0x000020ca                BUTTON_u8Get_8Buttons_Port
 .text.main     0x000020f2      0x708 ./A.Bahaa COTS/APP/main.o
                0x000020f2                main
 .text.libgcc   0x000027fa       0x3e c:/users/dell/desktop/iti/embedded system track/es avr tools/01- imt sdk/imt_sdk_win_64/winavr/bin/../lib/gcc/avr/4.3.3/avr5\libgcc.a(_mulsi3.o)
                0x000027fa                __mulsi3
 .text.libgcc   0x00002838       0x44 c:/users/dell/desktop/iti/embedded system track/es avr tools/01- imt sdk/imt_sdk_win_64/winavr/bin/../lib/gcc/avr/4.3.3/avr5\libgcc.a(_udivmodsi4.o)
                0x00002838                __udivmodsi4
 .text.libgcc   0x0000287c        0x0 c:/users/dell/desktop/iti/embedded system track/es avr tools/01- imt sdk/imt_sdk_win_64/winavr/bin/../lib/gcc/avr/4.3.3/avr5\libgcc.a(_exit.o)
 .text.libgcc   0x0000287c        0x0 c:/users/dell/desktop/iti/embedded system track/es avr tools/01- imt sdk/imt_sdk_win_64/winavr/bin/../lib/gcc/avr/4.3.3/avr5\libgcc.a(_copy_data.o)
 .text.libgcc   0x0000287c       0x38 c:/users/dell/desktop/iti/embedded system track/es avr tools/01- imt sdk/imt_sdk_win_64/winavr/bin/../lib/gcc/avr/4.3.3/avr5\libgcc.a(_prologue.o)
                0x0000287c                __prologue_saves__
 .text.libgcc   0x000028b4       0x36 c:/users/dell/desktop/iti/embedded system track/es avr tools/01- imt sdk/imt_sdk_win_64/winavr/bin/../lib/gcc/avr/4.3.3/avr5\libgcc.a(_epilogue.o)
                0x000028b4                __epilogue_restores__
                0x000028ea                . = ALIGN (0x2)
 *(.fini9)
 .fini9         0x000028ea        0x0 c:/users/dell/desktop/iti/embedded system track/es avr tools/01- imt sdk/imt_sdk_win_64/winavr/bin/../lib/gcc/avr/4.3.3/avr5\libgcc.a(_exit.o)
                0x000028ea                exit
                0x000028ea                _exit
 *(.fini9)
 *(.fini8)
 *(.fini8)
 *(.fini7)
 *(.fini7)
 *(.fini6)
 *(.fini6)
 *(.fini5)
 *(.fini5)
 *(.fini4)
 *(.fini4)
 *(.fini3)
 *(.fini3)
 *(.fini2)
 *(.fini2)
 *(.fini1)
 *(.fini1)
 *(.fini0)
 .fini0         0x000028ea        0x4 c:/users/dell/desktop/iti/embedded system track/es avr tools/01- imt sdk/imt_sdk_win_64/winavr/bin/../lib/gcc/avr/4.3.3/avr5\libgcc.a(_exit.o)
 *(.fini0)
                0x000028ee                _etext = .

.data           0x00800060       0x62 load address 0x000028ee
                0x00800060                PROVIDE (__data_start, .)
 *(.data)
 .data          0x00800060        0x0 c:/users/dell/desktop/iti/embedded system track/es avr tools/01- imt sdk/imt_sdk_win_64/winavr/bin/../lib/gcc/avr/4.3.3/../../../../avr/lib/avr5/crtm32.o
 .data          0x00800060        0x0 ./A.Bahaa COTS/MCAL/DIO/DIO_Program.o
 .data          0x00800060        0x0 ./A.Bahaa COTS/HAL/LED/LED_Program.o
 .data          0x00800060        0x0 ./A.Bahaa COTS/HAL/LCD/LCD_Program.o
 .data          0x00800060        0x0 ./A.Bahaa COTS/HAL/KPAD/KPAD_Program.o
 .data          0x00800060        0x0 ./A.Bahaa COTS/HAL/Button/BUTTON_Program.o
 .data          0x00800060        0x0 ./A.Bahaa COTS/HAL/7-Segment/7_SEGMENT_Program.o
 .data          0x00800060       0x41 ./A.Bahaa COTS/APP/main.o
 .data          0x008000a1        0x0 c:/users/dell/desktop/iti/embedded system track/es avr tools/01- imt sdk/imt_sdk_win_64/winavr/bin/../lib/gcc/avr/4.3.3/avr5\libgcc.a(_mulsi3.o)
 .data          0x008000a1        0x0 c:/users/dell/desktop/iti/embedded system track/es avr tools/01- imt sdk/imt_sdk_win_64/winavr/bin/../lib/gcc/avr/4.3.3/avr5\libgcc.a(_udivmodsi4.o)
 .data          0x008000a1        0x0 c:/users/dell/desktop/iti/embedded system track/es avr tools/01- imt sdk/imt_sdk_win_64/winavr/bin/../lib/gcc/avr/4.3.3/avr5\libgcc.a(_exit.o)
 .data          0x008000a1        0x0 c:/users/dell/desktop/iti/embedded system track/es avr tools/01- imt sdk/imt_sdk_win_64/winavr/bin/../lib/gcc/avr/4.3.3/avr5\libgcc.a(_copy_data.o)
 .data          0x008000a1        0x0 c:/users/dell/desktop/iti/embedded system track/es avr tools/01- imt sdk/imt_sdk_win_64/winavr/bin/../lib/gcc/avr/4.3.3/avr5\libgcc.a(_fixunssfsi.o)
 .data          0x008000a1        0x0 c:/users/dell/desktop/iti/embedded system track/es avr tools/01- imt sdk/imt_sdk_win_64/winavr/bin/../lib/gcc/avr/4.3.3/avr5\libgcc.a(_addsub_sf.o)
 .data          0x008000a1        0x0 c:/users/dell/desktop/iti/embedded system track/es avr tools/01- imt sdk/imt_sdk_win_64/winavr/bin/../lib/gcc/avr/4.3.3/avr5\libgcc.a(_mul_sf.o)
 .data          0x008000a1        0x0 c:/users/dell/desktop/iti/embedded system track/es avr tools/01- imt sdk/imt_sdk_win_64/winavr/bin/../lib/gcc/avr/4.3.3/avr5\libgcc.a(_gt_sf.o)
 .data          0x008000a1        0x0 c:/users/dell/desktop/iti/embedded system track/es avr tools/01- imt sdk/imt_sdk_win_64/winavr/bin/../lib/gcc/avr/4.3.3/avr5\libgcc.a(_ge_sf.o)
 .data          0x008000a1        0x0 c:/users/dell/desktop/iti/embedded system track/es avr tools/01- imt sdk/imt_sdk_win_64/winavr/bin/../lib/gcc/avr/4.3.3/avr5\libgcc.a(_lt_sf.o)
 .data          0x008000a1        0x0 c:/users/dell/desktop/iti/embedded system track/es avr tools/01- imt sdk/imt_sdk_win_64/winavr/bin/../lib/gcc/avr/4.3.3/avr5\libgcc.a(_sf_to_si.o)
 .data          0x008000a1        0x8 c:/users/dell/desktop/iti/embedded system track/es avr tools/01- imt sdk/imt_sdk_win_64/winavr/bin/../lib/gcc/avr/4.3.3/avr5\libgcc.a(_thenan_sf.o)
                0x008000a1                __thenan_sf
 .data          0x008000a9        0x0 c:/users/dell/desktop/iti/embedded system track/es avr tools/01- imt sdk/imt_sdk_win_64/winavr/bin/../lib/gcc/avr/4.3.3/avr5\libgcc.a(_prologue.o)
 .data          0x008000a9        0x0 c:/users/dell/desktop/iti/embedded system track/es avr tools/01- imt sdk/imt_sdk_win_64/winavr/bin/../lib/gcc/avr/4.3.3/avr5\libgcc.a(_epilogue.o)
 .data          0x008000a9        0x0 c:/users/dell/desktop/iti/embedded system track/es avr tools/01- imt sdk/imt_sdk_win_64/winavr/bin/../lib/gcc/avr/4.3.3/avr5\libgcc.a(_pack_sf.o)
 .data          0x008000a9        0x0 c:/users/dell/desktop/iti/embedded system track/es avr tools/01- imt sdk/imt_sdk_win_64/winavr/bin/../lib/gcc/avr/4.3.3/avr5\libgcc.a(_unpack_sf.o)
 .data          0x008000a9        0x0 c:/users/dell/desktop/iti/embedded system track/es avr tools/01- imt sdk/imt_sdk_win_64/winavr/bin/../lib/gcc/avr/4.3.3/avr5\libgcc.a(_fpcmp_parts_sf.o)
 *(.data*)
 .data.KPAD_Au8ColumnsArr
                0x008000a9        0x4 ./A.Bahaa COTS/HAL/KPAD/KPAD_Program.o
                0x008000a9                KPAD_Au8ColumnsArr
 .data.KPAD_Au8RowsArr
                0x008000ad        0x4 ./A.Bahaa COTS/HAL/KPAD/KPAD_Program.o
                0x008000ad                KPAD_Au8RowsArr
 .data.KPAD_Au8KeysArr
                0x008000b1       0x10 ./A.Bahaa COTS/HAL/KPAD/KPAD_Program.o
                0x008000b1                KPAD_Au8KeysArr
 *(.rodata)
 *(.rodata*)
 *(.gnu.linkonce.d*)
                0x008000c2                . = ALIGN (0x2)
 *fill*         0x008000c1        0x1 00
                0x008000c2                _edata = .
                0x008000c2                PROVIDE (__data_end, .)

.bss            0x008000c2        0x0
                0x008000c2                PROVIDE (__bss_start, .)
 *(.bss)
 .bss           0x008000c2        0x0 c:/users/dell/desktop/iti/embedded system track/es avr tools/01- imt sdk/imt_sdk_win_64/winavr/bin/../lib/gcc/avr/4.3.3/../../../../avr/lib/avr5/crtm32.o
 .bss           0x008000c2        0x0 ./A.Bahaa COTS/MCAL/DIO/DIO_Program.o
 .bss           0x008000c2        0x0 ./A.Bahaa COTS/HAL/LED/LED_Program.o
 .bss           0x008000c2        0x0 ./A.Bahaa COTS/HAL/LCD/LCD_Program.o
 .bss           0x008000c2        0x0 ./A.Bahaa COTS/HAL/KPAD/KPAD_Program.o
 .bss           0x008000c2        0x0 ./A.Bahaa COTS/HAL/Button/BUTTON_Program.o
 .bss           0x008000c2        0x0 ./A.Bahaa COTS/HAL/7-Segment/7_SEGMENT_Program.o
 .bss           0x008000c2        0x0 ./A.Bahaa COTS/APP/main.o
 .bss           0x008000c2        0x0 c:/users/dell/desktop/iti/embedded system track/es avr tools/01- imt sdk/imt_sdk_win_64/winavr/bin/../lib/gcc/avr/4.3.3/avr5\libgcc.a(_mulsi3.o)
 .bss           0x008000c2        0x0 c:/users/dell/desktop/iti/embedded system track/es avr tools/01- imt sdk/imt_sdk_win_64/winavr/bin/../lib/gcc/avr/4.3.3/avr5\libgcc.a(_udivmodsi4.o)
 .bss           0x008000c2        0x0 c:/users/dell/desktop/iti/embedded system track/es avr tools/01- imt sdk/imt_sdk_win_64/winavr/bin/../lib/gcc/avr/4.3.3/avr5\libgcc.a(_exit.o)
 .bss           0x008000c2        0x0 c:/users/dell/desktop/iti/embedded system track/es avr tools/01- imt sdk/imt_sdk_win_64/winavr/bin/../lib/gcc/avr/4.3.3/avr5\libgcc.a(_copy_data.o)
 .bss           0x008000c2        0x0 c:/users/dell/desktop/iti/embedded system track/es avr tools/01- imt sdk/imt_sdk_win_64/winavr/bin/../lib/gcc/avr/4.3.3/avr5\libgcc.a(_fixunssfsi.o)
 .bss           0x008000c2        0x0 c:/users/dell/desktop/iti/embedded system track/es avr tools/01- imt sdk/imt_sdk_win_64/winavr/bin/../lib/gcc/avr/4.3.3/avr5\libgcc.a(_addsub_sf.o)
 .bss           0x008000c2        0x0 c:/users/dell/desktop/iti/embedded system track/es avr tools/01- imt sdk/imt_sdk_win_64/winavr/bin/../lib/gcc/avr/4.3.3/avr5\libgcc.a(_mul_sf.o)
 .bss           0x008000c2        0x0 c:/users/dell/desktop/iti/embedded system track/es avr tools/01- imt sdk/imt_sdk_win_64/winavr/bin/../lib/gcc/avr/4.3.3/avr5\libgcc.a(_gt_sf.o)
 .bss           0x008000c2        0x0 c:/users/dell/desktop/iti/embedded system track/es avr tools/01- imt sdk/imt_sdk_win_64/winavr/bin/../lib/gcc/avr/4.3.3/avr5\libgcc.a(_ge_sf.o)
 .bss           0x008000c2        0x0 c:/users/dell/desktop/iti/embedded system track/es avr tools/01- imt sdk/imt_sdk_win_64/winavr/bin/../lib/gcc/avr/4.3.3/avr5\libgcc.a(_lt_sf.o)
 .bss           0x008000c2        0x0 c:/users/dell/desktop/iti/embedded system track/es avr tools/01- imt sdk/imt_sdk_win_64/winavr/bin/../lib/gcc/avr/4.3.3/avr5\libgcc.a(_sf_to_si.o)
 .bss           0x008000c2        0x0 c:/users/dell/desktop/iti/embedded system track/es avr tools/01- imt sdk/imt_sdk_win_64/winavr/bin/../lib/gcc/avr/4.3.3/avr5\libgcc.a(_thenan_sf.o)
 .bss           0x008000c2        0x0 c:/users/dell/desktop/iti/embedded system track/es avr tools/01- imt sdk/imt_sdk_win_64/winavr/bin/../lib/gcc/avr/4.3.3/avr5\libgcc.a(_prologue.o)
 .bss           0x008000c2        0x0 c:/users/dell/desktop/iti/embedded system track/es avr tools/01- imt sdk/imt_sdk_win_64/winavr/bin/../lib/gcc/avr/4.3.3/avr5\libgcc.a(_epilogue.o)
 .bss           0x008000c2        0x0 c:/users/dell/desktop/iti/embedded system track/es avr tools/01- imt sdk/imt_sdk_win_64/winavr/bin/../lib/gcc/avr/4.3.3/avr5\libgcc.a(_pack_sf.o)
 .bss           0x008000c2        0x0 c:/users/dell/desktop/iti/embedded system track/es avr tools/01- imt sdk/imt_sdk_win_64/winavr/bin/../lib/gcc/avr/4.3.3/avr5\libgcc.a(_unpack_sf.o)
 .bss           0x008000c2        0x0 c:/users/dell/desktop/iti/embedded system track/es avr tools/01- imt sdk/imt_sdk_win_64/winavr/bin/../lib/gcc/avr/4.3.3/avr5\libgcc.a(_fpcmp_parts_sf.o)
 *(.bss*)
 *(COMMON)
                0x008000c2                PROVIDE (__bss_end, .)
                0x000028ee                __data_load_start = LOADADDR (.data)
                0x00002950                __data_load_end = (__data_load_start + SIZEOF (.data))

.noinit         0x008000c2        0x0
                0x008000c2                PROVIDE (__noinit_start, .)
 *(.noinit*)
                0x008000c2                PROVIDE (__noinit_end, .)
                0x008000c2                _end = .
                0x008000c2                PROVIDE (__heap_start, .)

.eeprom         0x00810000        0x0
 *(.eeprom*)
                0x00810000                __eeprom_end = .

.fuse
 *(.fuse)
 *(.lfuse)
 *(.hfuse)
 *(.efuse)

.lock
 *(.lock*)

.signature
 *(.signature*)

.stab           0x00000000     0x255c
 *(.stab)
 .stab          0x00000000      0x798 ./A.Bahaa COTS/MCAL/DIO/DIO_Program.o
 .stab          0x00000798      0x36c ./A.Bahaa COTS/HAL/LED/LED_Program.o
                                0x378 (size before relaxing)
 .stab          0x00000b04      0xc18 ./A.Bahaa COTS/HAL/LCD/LCD_Program.o
                                0xc24 (size before relaxing)
 .stab          0x0000171c      0x39c ./A.Bahaa COTS/HAL/KPAD/KPAD_Program.o
                                0x3a8 (size before relaxing)
 .stab          0x00001ab8      0x2b8 ./A.Bahaa COTS/HAL/Button/BUTTON_Program.o
                                0x2c4 (size before relaxing)
 .stab          0x00001d70       0xd8 ./A.Bahaa COTS/HAL/7-Segment/7_SEGMENT_Program.o
                                 0xe4 (size before relaxing)
 .stab          0x00001e48      0x714 ./A.Bahaa COTS/APP/main.o
                                0x8ac (size before relaxing)

.stabstr        0x00000000     0x11a8
 *(.stabstr)
 .stabstr       0x00000000     0x11a8 ./A.Bahaa COTS/MCAL/DIO/DIO_Program.o

.stab.excl
 *(.stab.excl)

.stab.exclstr
 *(.stab.exclstr)

.stab.index
 *(.stab.index)

.stab.indexstr
 *(.stab.indexstr)

.comment
 *(.comment)

.debug
 *(.debug)

.line
 *(.line)

.debug_srcinfo
 *(.debug_srcinfo)

.debug_sfnames
 *(.debug_sfnames)

.debug_aranges  0x00000000      0x140
 *(.debug_aranges)
 .debug_aranges
                0x00000000       0x20 c:/users/dell/desktop/iti/embedded system track/es avr tools/01- imt sdk/imt_sdk_win_64/winavr/bin/../lib/gcc/avr/4.3.3/avr5\libgcc.a(_fixunssfsi.o)
 .debug_aranges
                0x00000020       0x20 c:/users/dell/desktop/iti/embedded system track/es avr tools/01- imt sdk/imt_sdk_win_64/winavr/bin/../lib/gcc/avr/4.3.3/avr5\libgcc.a(_addsub_sf.o)
 .debug_aranges
                0x00000040       0x20 c:/users/dell/desktop/iti/embedded system track/es avr tools/01- imt sdk/imt_sdk_win_64/winavr/bin/../lib/gcc/avr/4.3.3/avr5\libgcc.a(_mul_sf.o)
 .debug_aranges
                0x00000060       0x20 c:/users/dell/desktop/iti/embedded system track/es avr tools/01- imt sdk/imt_sdk_win_64/winavr/bin/../lib/gcc/avr/4.3.3/avr5\libgcc.a(_gt_sf.o)
 .debug_aranges
                0x00000080       0x20 c:/users/dell/desktop/iti/embedded system track/es avr tools/01- imt sdk/imt_sdk_win_64/winavr/bin/../lib/gcc/avr/4.3.3/avr5\libgcc.a(_ge_sf.o)
 .debug_aranges
                0x000000a0       0x20 c:/users/dell/desktop/iti/embedded system track/es avr tools/01- imt sdk/imt_sdk_win_64/winavr/bin/../lib/gcc/avr/4.3.3/avr5\libgcc.a(_lt_sf.o)
 .debug_aranges
                0x000000c0       0x20 c:/users/dell/desktop/iti/embedded system track/es avr tools/01- imt sdk/imt_sdk_win_64/winavr/bin/../lib/gcc/avr/4.3.3/avr5\libgcc.a(_sf_to_si.o)
 .debug_aranges
                0x000000e0       0x20 c:/users/dell/desktop/iti/embedded system track/es avr tools/01- imt sdk/imt_sdk_win_64/winavr/bin/../lib/gcc/avr/4.3.3/avr5\libgcc.a(_pack_sf.o)
 .debug_aranges
                0x00000100       0x20 c:/users/dell/desktop/iti/embedded system track/es avr tools/01- imt sdk/imt_sdk_win_64/winavr/bin/../lib/gcc/avr/4.3.3/avr5\libgcc.a(_unpack_sf.o)
 .debug_aranges
                0x00000120       0x20 c:/users/dell/desktop/iti/embedded system track/es avr tools/01- imt sdk/imt_sdk_win_64/winavr/bin/../lib/gcc/avr/4.3.3/avr5\libgcc.a(_fpcmp_parts_sf.o)

.debug_pubnames
                0x00000000      0x170
 *(.debug_pubnames)
 .debug_pubnames
                0x00000000       0x23 c:/users/dell/desktop/iti/embedded system track/es avr tools/01- imt sdk/imt_sdk_win_64/winavr/bin/../lib/gcc/avr/4.3.3/avr5\libgcc.a(_fixunssfsi.o)
 .debug_pubnames
                0x00000023       0x2c c:/users/dell/desktop/iti/embedded system track/es avr tools/01- imt sdk/imt_sdk_win_64/winavr/bin/../lib/gcc/avr/4.3.3/avr5\libgcc.a(_addsub_sf.o)
 .debug_pubnames
                0x0000004f       0x1f c:/users/dell/desktop/iti/embedded system track/es avr tools/01- imt sdk/imt_sdk_win_64/winavr/bin/../lib/gcc/avr/4.3.3/avr5\libgcc.a(_mul_sf.o)
 .debug_pubnames
                0x0000006e       0x1e c:/users/dell/desktop/iti/embedded system track/es avr tools/01- imt sdk/imt_sdk_win_64/winavr/bin/../lib/gcc/avr/4.3.3/avr5\libgcc.a(_gt_sf.o)
 .debug_pubnames
                0x0000008c       0x1e c:/users/dell/desktop/iti/embedded system track/es avr tools/01- imt sdk/imt_sdk_win_64/winavr/bin/../lib/gcc/avr/4.3.3/avr5\libgcc.a(_ge_sf.o)
 .debug_pubnames
                0x000000aa       0x1e c:/users/dell/desktop/iti/embedded system track/es avr tools/01- imt sdk/imt_sdk_win_64/winavr/bin/../lib/gcc/avr/4.3.3/avr5\libgcc.a(_lt_sf.o)
 .debug_pubnames
                0x000000c8       0x20 c:/users/dell/desktop/iti/embedded system track/es avr tools/01- imt sdk/imt_sdk_win_64/winavr/bin/../lib/gcc/avr/4.3.3/avr5\libgcc.a(_sf_to_si.o)
 .debug_pubnames
                0x000000e8       0x22 c:/users/dell/desktop/iti/embedded system track/es avr tools/01- imt sdk/imt_sdk_win_64/winavr/bin/../lib/gcc/avr/4.3.3/avr5\libgcc.a(_thenan_sf.o)
 .debug_pubnames
                0x0000010a       0x1f c:/users/dell/desktop/iti/embedded system track/es avr tools/01- imt sdk/imt_sdk_win_64/winavr/bin/../lib/gcc/avr/4.3.3/avr5\libgcc.a(_pack_sf.o)
 .debug_pubnames
                0x00000129       0x21 c:/users/dell/desktop/iti/embedded system track/es avr tools/01- imt sdk/imt_sdk_win_64/winavr/bin/../lib/gcc/avr/4.3.3/avr5\libgcc.a(_unpack_sf.o)
 .debug_pubnames
                0x0000014a       0x26 c:/users/dell/desktop/iti/embedded system track/es avr tools/01- imt sdk/imt_sdk_win_64/winavr/bin/../lib/gcc/avr/4.3.3/avr5\libgcc.a(_fpcmp_parts_sf.o)

.debug_info     0x00000000     0x1c49
 *(.debug_info)
 .debug_info    0x00000000       0xb1 c:/users/dell/desktop/iti/embedded system track/es avr tools/01- imt sdk/imt_sdk_win_64/winavr/bin/../lib/gcc/avr/4.3.3/avr5\libgcc.a(_fixunssfsi.o)
 .debug_info    0x000000b1      0x47a c:/users/dell/desktop/iti/embedded system track/es avr tools/01- imt sdk/imt_sdk_win_64/winavr/bin/../lib/gcc/avr/4.3.3/avr5\libgcc.a(_addsub_sf.o)
 .debug_info    0x0000052b      0x485 c:/users/dell/desktop/iti/embedded system track/es avr tools/01- imt sdk/imt_sdk_win_64/winavr/bin/../lib/gcc/avr/4.3.3/avr5\libgcc.a(_mul_sf.o)
 .debug_info    0x000009b0      0x27f c:/users/dell/desktop/iti/embedded system track/es avr tools/01- imt sdk/imt_sdk_win_64/winavr/bin/../lib/gcc/avr/4.3.3/avr5\libgcc.a(_gt_sf.o)
 .debug_info    0x00000c2f      0x27f c:/users/dell/desktop/iti/embedded system track/es avr tools/01- imt sdk/imt_sdk_win_64/winavr/bin/../lib/gcc/avr/4.3.3/avr5\libgcc.a(_ge_sf.o)
 .debug_info    0x00000eae      0x27f c:/users/dell/desktop/iti/embedded system track/es avr tools/01- imt sdk/imt_sdk_win_64/winavr/bin/../lib/gcc/avr/4.3.3/avr5\libgcc.a(_lt_sf.o)
 .debug_info    0x0000112d      0x2b0 c:/users/dell/desktop/iti/embedded system track/es avr tools/01- imt sdk/imt_sdk_win_64/winavr/bin/../lib/gcc/avr/4.3.3/avr5\libgcc.a(_sf_to_si.o)
 .debug_info    0x000013dd      0x12c c:/users/dell/desktop/iti/embedded system track/es avr tools/01- imt sdk/imt_sdk_win_64/winavr/bin/../lib/gcc/avr/4.3.3/avr5\libgcc.a(_thenan_sf.o)
 .debug_info    0x00001509      0x2df c:/users/dell/desktop/iti/embedded system track/es avr tools/01- imt sdk/imt_sdk_win_64/winavr/bin/../lib/gcc/avr/4.3.3/avr5\libgcc.a(_pack_sf.o)
 .debug_info    0x000017e8      0x251 c:/users/dell/desktop/iti/embedded system track/es avr tools/01- imt sdk/imt_sdk_win_64/winavr/bin/../lib/gcc/avr/4.3.3/avr5\libgcc.a(_unpack_sf.o)
 .debug_info    0x00001a39      0x210 c:/users/dell/desktop/iti/embedded system track/es avr tools/01- imt sdk/imt_sdk_win_64/winavr/bin/../lib/gcc/avr/4.3.3/avr5\libgcc.a(_fpcmp_parts_sf.o)
 *(.gnu.linkonce.wi.*)

.debug_abbrev   0x00000000      0xeeb
 *(.debug_abbrev)
 .debug_abbrev  0x00000000       0x5d c:/users/dell/desktop/iti/embedded system track/es avr tools/01- imt sdk/imt_sdk_win_64/winavr/bin/../lib/gcc/avr/4.3.3/avr5\libgcc.a(_fixunssfsi.o)
 .debug_abbrev  0x0000005d      0x1ea c:/users/dell/desktop/iti/embedded system track/es avr tools/01- imt sdk/imt_sdk_win_64/winavr/bin/../lib/gcc/avr/4.3.3/avr5\libgcc.a(_addsub_sf.o)
 .debug_abbrev  0x00000247      0x21b c:/users/dell/desktop/iti/embedded system track/es avr tools/01- imt sdk/imt_sdk_win_64/winavr/bin/../lib/gcc/avr/4.3.3/avr5\libgcc.a(_mul_sf.o)
 .debug_abbrev  0x00000462      0x15a c:/users/dell/desktop/iti/embedded system track/es avr tools/01- imt sdk/imt_sdk_win_64/winavr/bin/../lib/gcc/avr/4.3.3/avr5\libgcc.a(_gt_sf.o)
 .debug_abbrev  0x000005bc      0x15a c:/users/dell/desktop/iti/embedded system track/es avr tools/01- imt sdk/imt_sdk_win_64/winavr/bin/../lib/gcc/avr/4.3.3/avr5\libgcc.a(_ge_sf.o)
 .debug_abbrev  0x00000716      0x15a c:/users/dell/desktop/iti/embedded system track/es avr tools/01- imt sdk/imt_sdk_win_64/winavr/bin/../lib/gcc/avr/4.3.3/avr5\libgcc.a(_lt_sf.o)
 .debug_abbrev  0x00000870      0x17f c:/users/dell/desktop/iti/embedded system track/es avr tools/01- imt sdk/imt_sdk_win_64/winavr/bin/../lib/gcc/avr/4.3.3/avr5\libgcc.a(_sf_to_si.o)
 .debug_abbrev  0x000009ef       0xad c:/users/dell/desktop/iti/embedded system track/es avr tools/01- imt sdk/imt_sdk_win_64/winavr/bin/../lib/gcc/avr/4.3.3/avr5\libgcc.a(_thenan_sf.o)
 .debug_abbrev  0x00000a9c      0x1c0 c:/users/dell/desktop/iti/embedded system track/es avr tools/01- imt sdk/imt_sdk_win_64/winavr/bin/../lib/gcc/avr/4.3.3/avr5\libgcc.a(_pack_sf.o)
 .debug_abbrev  0x00000c5c      0x154 c:/users/dell/desktop/iti/embedded system track/es avr tools/01- imt sdk/imt_sdk_win_64/winavr/bin/../lib/gcc/avr/4.3.3/avr5\libgcc.a(_unpack_sf.o)
 .debug_abbrev  0x00000db0      0x13b c:/users/dell/desktop/iti/embedded system track/es avr tools/01- imt sdk/imt_sdk_win_64/winavr/bin/../lib/gcc/avr/4.3.3/avr5\libgcc.a(_fpcmp_parts_sf.o)

.debug_line     0x00000000      0xdad
 *(.debug_line)
 .debug_line    0x00000000       0xa7 c:/users/dell/desktop/iti/embedded system track/es avr tools/01- imt sdk/imt_sdk_win_64/winavr/bin/../lib/gcc/avr/4.3.3/avr5\libgcc.a(_fixunssfsi.o)
 .debug_line    0x000000a7      0x2af c:/users/dell/desktop/iti/embedded system track/es avr tools/01- imt sdk/imt_sdk_win_64/winavr/bin/../lib/gcc/avr/4.3.3/avr5\libgcc.a(_addsub_sf.o)
 .debug_line    0x00000356      0x239 c:/users/dell/desktop/iti/embedded system track/es avr tools/01- imt sdk/imt_sdk_win_64/winavr/bin/../lib/gcc/avr/4.3.3/avr5\libgcc.a(_mul_sf.o)
 .debug_line    0x0000058f       0xd3 c:/users/dell/desktop/iti/embedded system track/es avr tools/01- imt sdk/imt_sdk_win_64/winavr/bin/../lib/gcc/avr/4.3.3/avr5\libgcc.a(_gt_sf.o)
 .debug_line    0x00000662       0xd3 c:/users/dell/desktop/iti/embedded system track/es avr tools/01- imt sdk/imt_sdk_win_64/winavr/bin/../lib/gcc/avr/4.3.3/avr5\libgcc.a(_ge_sf.o)
 .debug_line    0x00000735       0xd3 c:/users/dell/desktop/iti/embedded system track/es avr tools/01- imt sdk/imt_sdk_win_64/winavr/bin/../lib/gcc/avr/4.3.3/avr5\libgcc.a(_lt_sf.o)
 .debug_line    0x00000808      0x109 c:/users/dell/desktop/iti/embedded system track/es avr tools/01- imt sdk/imt_sdk_win_64/winavr/bin/../lib/gcc/avr/4.3.3/avr5\libgcc.a(_sf_to_si.o)
 .debug_line    0x00000911       0x90 c:/users/dell/desktop/iti/embedded system track/es avr tools/01- imt sdk/imt_sdk_win_64/winavr/bin/../lib/gcc/avr/4.3.3/avr5\libgcc.a(_thenan_sf.o)
 .debug_line    0x000009a1      0x18a c:/users/dell/desktop/iti/embedded system track/es avr tools/01- imt sdk/imt_sdk_win_64/winavr/bin/../lib/gcc/avr/4.3.3/avr5\libgcc.a(_pack_sf.o)
 .debug_line    0x00000b2b      0x14b c:/users/dell/desktop/iti/embedded system track/es avr tools/01- imt sdk/imt_sdk_win_64/winavr/bin/../lib/gcc/avr/4.3.3/avr5\libgcc.a(_unpack_sf.o)
 .debug_line    0x00000c76      0x137 c:/users/dell/desktop/iti/embedded system track/es avr tools/01- imt sdk/imt_sdk_win_64/winavr/bin/../lib/gcc/avr/4.3.3/avr5\libgcc.a(_fpcmp_parts_sf.o)

.debug_frame    0x00000000      0x160
 *(.debug_frame)
 .debug_frame   0x00000000       0x20 c:/users/dell/desktop/iti/embedded system track/es avr tools/01- imt sdk/imt_sdk_win_64/winavr/bin/../lib/gcc/avr/4.3.3/avr5\libgcc.a(_fixunssfsi.o)
 .debug_frame   0x00000020       0x40 c:/users/dell/desktop/iti/embedded system track/es avr tools/01- imt sdk/imt_sdk_win_64/winavr/bin/../lib/gcc/avr/4.3.3/avr5\libgcc.a(_addsub_sf.o)
 .debug_frame   0x00000060       0x20 c:/users/dell/desktop/iti/embedded system track/es avr tools/01- imt sdk/imt_sdk_win_64/winavr/bin/../lib/gcc/avr/4.3.3/avr5\libgcc.a(_mul_sf.o)
 .debug_frame   0x00000080       0x20 c:/users/dell/desktop/iti/embedded system track/es avr tools/01- imt sdk/imt_sdk_win_64/winavr/bin/../lib/gcc/avr/4.3.3/avr5\libgcc.a(_gt_sf.o)
 .debug_frame   0x000000a0       0x20 c:/users/dell/desktop/iti/embedded system track/es avr tools/01- imt sdk/imt_sdk_win_64/winavr/bin/../lib/gcc/avr/4.3.3/avr5\libgcc.a(_ge_sf.o)
 .debug_frame   0x000000c0       0x20 c:/users/dell/desktop/iti/embedded system track/es avr tools/01- imt sdk/imt_sdk_win_64/winavr/bin/../lib/gcc/avr/4.3.3/avr5\libgcc.a(_lt_sf.o)
 .debug_frame   0x000000e0       0x20 c:/users/dell/desktop/iti/embedded system track/es avr tools/01- imt sdk/imt_sdk_win_64/winavr/bin/../lib/gcc/avr/4.3.3/avr5\libgcc.a(_sf_to_si.o)
 .debug_frame   0x00000100       0x20 c:/users/dell/desktop/iti/embedded system track/es avr tools/01- imt sdk/imt_sdk_win_64/winavr/bin/../lib/gcc/avr/4.3.3/avr5\libgcc.a(_pack_sf.o)
 .debug_frame   0x00000120       0x20 c:/users/dell/desktop/iti/embedded system track/es avr tools/01- imt sdk/imt_sdk_win_64/winavr/bin/../lib/gcc/avr/4.3.3/avr5\libgcc.a(_unpack_sf.o)
 .debug_frame   0x00000140       0x20 c:/users/dell/desktop/iti/embedded system track/es avr tools/01- imt sdk/imt_sdk_win_64/winavr/bin/../lib/gcc/avr/4.3.3/avr5\libgcc.a(_fpcmp_parts_sf.o)

.debug_str      0x00000000      0x28d
 *(.debug_str)
 .debug_str     0x00000000       0xbf c:/users/dell/desktop/iti/embedded system track/es avr tools/01- imt sdk/imt_sdk_win_64/winavr/bin/../lib/gcc/avr/4.3.3/avr5\libgcc.a(_fixunssfsi.o)
                                 0xfe (size before relaxing)
 .debug_str     0x000000bf      0x14d c:/users/dell/desktop/iti/embedded system track/es avr tools/01- imt sdk/imt_sdk_win_64/winavr/bin/../lib/gcc/avr/4.3.3/avr5\libgcc.a(_addsub_sf.o)
                                0x206 (size before relaxing)
 .debug_str     0x0000020c       0x27 c:/users/dell/desktop/iti/embedded system track/es avr tools/01- imt sdk/imt_sdk_win_64/winavr/bin/../lib/gcc/avr/4.3.3/avr5\libgcc.a(_mul_sf.o)
                                0x1bf (size before relaxing)
 .debug_str     0x00000233        0xf c:/users/dell/desktop/iti/embedded system track/es avr tools/01- imt sdk/imt_sdk_win_64/winavr/bin/../lib/gcc/avr/4.3.3/avr5\libgcc.a(_gt_sf.o)
                                0x195 (size before relaxing)
 .debug_str     0x00000242        0x8 c:/users/dell/desktop/iti/embedded system track/es avr tools/01- imt sdk/imt_sdk_win_64/winavr/bin/../lib/gcc/avr/4.3.3/avr5\libgcc.a(_ge_sf.o)
                                0x195 (size before relaxing)
 .debug_str     0x0000024a        0x8 c:/users/dell/desktop/iti/embedded system track/es avr tools/01- imt sdk/imt_sdk_win_64/winavr/bin/../lib/gcc/avr/4.3.3/avr5\libgcc.a(_lt_sf.o)
                                0x195 (size before relaxing)
 .debug_str     0x00000252        0xa c:/users/dell/desktop/iti/embedded system track/es avr tools/01- imt sdk/imt_sdk_win_64/winavr/bin/../lib/gcc/avr/4.3.3/avr5\libgcc.a(_sf_to_si.o)
                                0x19e (size before relaxing)
 .debug_str     0x00000000      0x103 c:/users/dell/desktop/iti/embedded system track/es avr tools/01- imt sdk/imt_sdk_win_64/winavr/bin/../lib/gcc/avr/4.3.3/avr5\libgcc.a(_thenan_sf.o)
 .debug_str     0x0000025c       0x16 c:/users/dell/desktop/iti/embedded system track/es avr tools/01- imt sdk/imt_sdk_win_64/winavr/bin/../lib/gcc/avr/4.3.3/avr5\libgcc.a(_pack_sf.o)
                                0x19d (size before relaxing)
 .debug_str     0x00000272        0xb c:/users/dell/desktop/iti/embedded system track/es avr tools/01- imt sdk/imt_sdk_win_64/winavr/bin/../lib/gcc/avr/4.3.3/avr5\libgcc.a(_unpack_sf.o)
                                0x17f (size before relaxing)
 .debug_str     0x0000027d       0x10 c:/users/dell/desktop/iti/embedded system track/es avr tools/01- imt sdk/imt_sdk_win_64/winavr/bin/../lib/gcc/avr/4.3.3/avr5\libgcc.a(_fpcmp_parts_sf.o)
                                0x163 (size before relaxing)

.debug_loc      0x00000000      0x7ce
 *(.debug_loc)
 .debug_loc     0x00000000       0x34 c:/users/dell/desktop/iti/embedded system track/es avr tools/01- imt sdk/imt_sdk_win_64/winavr/bin/../lib/gcc/avr/4.3.3/avr5\libgcc.a(_fixunssfsi.o)
 .debug_loc     0x00000034      0x32a c:/users/dell/desktop/iti/embedded system track/es avr tools/01- imt sdk/imt_sdk_win_64/winavr/bin/../lib/gcc/avr/4.3.3/avr5\libgcc.a(_addsub_sf.o)
 .debug_loc     0x0000035e      0x104 c:/users/dell/desktop/iti/embedded system track/es avr tools/01- imt sdk/imt_sdk_win_64/winavr/bin/../lib/gcc/avr/4.3.3/avr5\libgcc.a(_mul_sf.o)
 .debug_loc     0x00000462       0x3c c:/users/dell/desktop/iti/embedded system track/es avr tools/01- imt sdk/imt_sdk_win_64/winavr/bin/../lib/gcc/avr/4.3.3/avr5\libgcc.a(_gt_sf.o)
 .debug_loc     0x0000049e       0x3c c:/users/dell/desktop/iti/embedded system track/es avr tools/01- imt sdk/imt_sdk_win_64/winavr/bin/../lib/gcc/avr/4.3.3/avr5\libgcc.a(_ge_sf.o)
 .debug_loc     0x000004da       0x3c c:/users/dell/desktop/iti/embedded system track/es avr tools/01- imt sdk/imt_sdk_win_64/winavr/bin/../lib/gcc/avr/4.3.3/avr5\libgcc.a(_lt_sf.o)
 .debug_loc     0x00000516       0x7e c:/users/dell/desktop/iti/embedded system track/es avr tools/01- imt sdk/imt_sdk_win_64/winavr/bin/../lib/gcc/avr/4.3.3/avr5\libgcc.a(_sf_to_si.o)
 .debug_loc     0x00000594      0x13e c:/users/dell/desktop/iti/embedded system track/es avr tools/01- imt sdk/imt_sdk_win_64/winavr/bin/../lib/gcc/avr/4.3.3/avr5\libgcc.a(_pack_sf.o)
 .debug_loc     0x000006d2       0xac c:/users/dell/desktop/iti/embedded system track/es avr tools/01- imt sdk/imt_sdk_win_64/winavr/bin/../lib/gcc/avr/4.3.3/avr5\libgcc.a(_unpack_sf.o)
 .debug_loc     0x0000077e       0x50 c:/users/dell/desktop/iti/embedded system track/es avr tools/01- imt sdk/imt_sdk_win_64/winavr/bin/../lib/gcc/avr/4.3.3/avr5\libgcc.a(_fpcmp_parts_sf.o)

.debug_macinfo
 *(.debug_macinfo)
OUTPUT(S21_Calculator.elf elf32-avr)
LOAD linker stubs

.debug_ranges   0x00000000       0x50
 .debug_ranges  0x00000000       0x50 c:/users/dell/desktop/iti/embedded system track/es avr tools/01- imt sdk/imt_sdk_win_64/winavr/bin/../lib/gcc/avr/4.3.3/avr5\libgcc.a(_mul_sf.o)
